[debug] [2026-08-08T07:06:08.813Z] ----------------------------------------------------------------------
[debug] [2026-08-08T07:06:08.817Z] Command:       C:\nvm4w\nodejs\node.exe C:\Users\jeet\AppData\Local\npm-cache\_npx\ba4f1959e38407b5\node_modules\firebase-tools\lib\bin\firebase.js deploy --only hosting
[debug] [2026-08-08T07:06:08.817Z] CLI Version:   15.26.0
[debug] [2026-08-08T07:06:08.817Z] Platform:      win32
[debug] [2026-08-08T07:06:08.817Z] Node Version:  v20.20.2
[debug] [2026-08-08T07:06:08.818Z] Detected Agent: codex_cli
[debug] [2026-08-08T07:06:08.818Z] Time:          Sat Aug 08 2026 12:36:08 GMT+0530 (India Standard Time)
[debug] [2026-08-08T07:06:08.818Z] ----------------------------------------------------------------------
[debug] 
[debug] [2026-08-08T07:06:31.464Z] > command requires scopes: ["email","openid","https://www.googleapis.com/auth/cloudplatformprojects.readonly","https://www.googleapis.com/auth/firebase","https://www.googleapis.com/auth/cloud-platform"]
[debug] [2026-08-08T07:06:31.465Z] > authorizing via signed-in user (clickkaar@gmail.com)
[debug] [2026-08-08T07:06:31.465Z] [iam] checking project click-kaar for permissions ["firebase.projects.get","firebasehosting.sites.update"]
[debug] [2026-08-08T07:06:31.467Z] Checked if tokens are valid: true, expires at: 1786175936140
[debug] [2026-08-08T07:06:31.467Z] Checked if tokens are valid: true, expires at: 1786175936140
[debug] [2026-08-08T07:06:31.468Z] >>> [apiv2][query] POST https://cloudresourcemanager.googleapis.com/v1/projects/click-kaar:testIamPermissions [none]
[debug] [2026-08-08T07:06:31.469Z] >>> [apiv2][(partial)header] POST https://cloudresourcemanager.googleapis.com/v1/projects/click-kaar:testIamPermissions  x-goog-user-project=click-kaar
[debug] [2026-08-08T07:06:31.469Z] >>> [apiv2][body] POST https://cloudresourcemanager.googleapis.com/v1/projects/click-kaar:testIamPermissions {"permissions":["firebase.projects.get","firebasehosting.sites.update"]}
[debug] [2026-08-08T07:06:33.175Z] <<< [apiv2][status] POST https://cloudresourcemanager.googleapis.com/v1/projects/click-kaar:testIamPermissions 200
[debug] [2026-08-08T07:06:33.176Z] <<< [apiv2][body] POST https://cloudresourcemanager.googleapis.com/v1/projects/click-kaar:testIamPermissions {"permissions":["firebase.projects.get","firebasehosting.sites.update"]}
[debug] [2026-08-08T07:06:33.176Z] Checked if tokens are valid: true, expires at: 1786175936140
[debug] [2026-08-08T07:06:33.177Z] Checked if tokens are valid: true, expires at: 1786175936140
[debug] [2026-08-08T07:06:33.177Z] >>> [apiv2][query] GET https://firebase.googleapis.com/v1beta1/projects/click-kaar [none]
[debug] [2026-08-08T07:06:33.812Z] <<< [apiv2][status] GET https://firebase.googleapis.com/v1beta1/projects/click-kaar 200
[debug] [2026-08-08T07:06:33.813Z] <<< [apiv2][body] GET https://firebase.googleapis.com/v1beta1/projects/click-kaar {"projectId":"click-kaar","projectNumber":"872586002606","displayName":"click-kaar","name":"projects/click-kaar","resources":{"hostingSite":"click-kaar"},"state":"ACTIVE","labels":{"firebase":"enabled"},"etag":"1_9bac1790-61b9-4d75-88c6-89f5a9568329"}
[info] 
[info] === Deploying to 'click-kaar'...
[info] 
[info] i  deploying hosting 
[debug] [2026-08-08T07:06:33.816Z] Checked if tokens are valid: true, expires at: 1786175936140
[debug] [2026-08-08T07:06:33.817Z] Checked if tokens are valid: true, expires at: 1786175936140
[debug] [2026-08-08T07:06:33.817Z] >>> [apiv2][query] GET https://firebasehosting.googleapis.com/v1beta1/projects/click-kaar/sites/click-kaar [none]
[debug] [2026-08-08T07:06:35.171Z] <<< [apiv2][status] GET https://firebasehosting.googleapis.com/v1beta1/projects/click-kaar/sites/click-kaar 200
[debug] [2026-08-08T07:06:35.171Z] <<< [apiv2][body] GET https://firebasehosting.googleapis.com/v1beta1/projects/click-kaar/sites/click-kaar {"name":"projects/click-kaar/sites/click-kaar","defaultUrl":"https://click-kaar.web.app","appId":"1:872586002606:web:4e6a3ef5075b6f1db02d3f","type":"DEFAULT_SITE"}
[debug] [2026-08-08T07:06:35.174Z] Checked if tokens are valid: true, expires at: 1786175936140
[debug] [2026-08-08T07:06:35.174Z] Checked if tokens are valid: true, expires at: 1786175936140
[debug] [2026-08-08T07:06:35.175Z] >>> [apiv2][query] POST https://firebasehosting.googleapis.com/v1beta1/projects/-/sites/click-kaar/versions [none]
[debug] [2026-08-08T07:06:35.175Z] >>> [apiv2][body] POST https://firebasehosting.googleapis.com/v1beta1/projects/-/sites/click-kaar/versions {"status":"CREATED","labels":{"deployment-tool":"cli-firebase"}}
[debug] [2026-08-08T07:06:36.252Z] <<< [apiv2][status] POST https://firebasehosting.googleapis.com/v1beta1/projects/-/sites/click-kaar/versions 200
[debug] [2026-08-08T07:06:36.252Z] <<< [apiv2][body] POST https://firebasehosting.googleapis.com/v1beta1/projects/-/sites/click-kaar/versions {"name":"projects/872586002606/sites/click-kaar/versions/08d81efe244c46b0","status":"CREATED","config":{},"labels":{"deployment-tool":"cli-firebase"}}
[info] i  hosting[click-kaar]: beginning deploy... 
[info] i  hosting[click-kaar]: found 79 files in dist/clickkaar/browser 
[debug] [2026-08-08T07:06:36.275Z] [hosting] uploading with 200 concurrency
[debug] [2026-08-08T07:06:36.344Z] Checked if tokens are valid: true, expires at: 1786175936140
[debug] [2026-08-08T07:06:36.344Z] Checked if tokens are valid: true, expires at: 1786175936140
[debug] [2026-08-08T07:06:36.346Z] [hosting] hash cache [ZGlzdFxjbGlja2thYXJcYnJvd3Nlcg] stored for 79 files
[debug] [2026-08-08T07:06:36.347Z] [hosting][hash queue][FINAL] {"max":63,"min":0,"avg":4.750303227901616,"active":0,"complete":79,"success":79,"errored":0,"retried":0,"total":79,"elapsed":70}
[debug] [2026-08-08T07:06:36.347Z] >>> [apiv2][query] POST https://firebasehosting.googleapis.com/v1beta1/projects/872586002606/sites/click-kaar/versions/08d81efe244c46b0:populateFiles [none]
[debug] [2026-08-08T07:06:36.347Z] >>> [apiv2][body] POST https://firebasehosting.googleapis.com/v1beta1/projects/872586002606/sites/click-kaar/versions/08d81efe244c46b0:populateFiles {"files":{"/reference-motion.mp4":"57d7845cacc95f8312d95ff050464690c58836384d8ef15183c7981f50e7cb36","/photographer.png":"7e8f26314158a8d733765c55eac87b195b8753a749496b9fdabe0af9549e6542","/Main logo White.png":"c5ef1b0033f10c66c6be79f0cdfd731ddb56a89e1d4a3997db513bc45b046b6f","/Main logo Text Black.png":"8eb8b6d575ef6d846051816b4e669539f57dfb5d9996548140f8919842603b76","/Main logo Black .png":"5415802279d99cb9df922e0b3396a71fe338f120df43fbdc2f0c73c9f0041f50","/landing-footer-visual.png":"91d5278f3da5a675b0ea0a6a52cba743f7d7f6a2c6464f4b907c8032656c9598","/join-photographer.png":"a098dd29d8778ccb4e02e3881604e45cc52417ce378dbd3f450548153a3d0633","/home_hero_banner.jpg":"3cc1bb216fecbf5feb03b90b9f3e3ae6b03ac3f8655fa26fb304d78bf6ee4c01","/home-hero-banner.png":"aa12991ec1f1120d3e52a7dd7e0dfabfcc6260a1c1d4a382e995410b84ed2619","/favicon.png":"a86dd9c2a4be56990516bc62e0271b739a6b298a2eadb5cfaea39b4596159ee6","/favicon.ico":"5e6125f9cdea312f2098bc7b1ebde904699e148dc5fd763dbc7405c459924d3f","/clickkaar-logo.png":"30f925fa30d0ce15074efa9ad339d31eb51ea3a3662ca02911e64f72d03c19cb","/arrow-button-neumorphism.avif":"6965538dfef74b8fe83ab9d6fe2309faf2b2d92f963ad9435eaffb3998472d24","/products/Sony Godox X3 Pro S X3 PRO-S TTL 4.jpg":"87f872d05da41e297f8e62432bc7cdf4d744772227a00480109feec88ad14f06","/products/Sony Godox X3 Pro S X3 PRO-S TTL 3.jpg":"4371e8db5516172b16553b5997b7b72203238c14aa304ecbf655c6fba8461873","/products/Sony Godox X3 Pro S X3 PRO-S TTL 2.jpg":"36074a83790b08449de2d941e81b81a12fa21a7cb382b3d82f03e268b489285d","/products/Sony Godox X3 Pro S X3 PRO-S TTL 1.jpg":"77081a7e842f66d89892731f97d361cb7a9bf12e2edd4a61377f45aba06260f6","/products/Sony a7 M5 3.jpg":"e44636c575d1d6750acd3c8b6bf17797ddea40a331779bd40f72e1445ab20096","/products/Sony a7 M5 2.jpg":"04dfc4275b277f5e01323bdb750ab3c2f0754780fbf3d2985b269076806f08a2","/products/Sony a7 m5 1.jpg":"c30a6fa17624a460be791fa96ace03724adb457c8daf899ba1542deef9c5e4b4","/products/Sony a1 4.jpg":"23b40098ff9601a6285ac6d0f1f4373d9435c41ce4aca8bd9ef953a5a4a5c94a","/products/Sony a1 3.jpg":"1244b54e43d726db7a877b0b1b1b9d217c9bc6e9ece8b94c933f2b6ea4bdafc8","/products/Sony a1 2.jpg":"870c35681399cad4076dd660d2607111d9ef0ad9a4e7fe349ee3e9b35be49264","/products/Sony a1 1.jpg":"81886394670cca57362257800c85be49ff00b11d07b04c4d7140b02c10e6f822","/products/Sony 90mm gm 3.jpg":"d86108a37bb3f9a8b26ac7d0bcb3c8f54c5c0a8bc1047212d30b1c8f8f92be6b","/products/Sony 90mm gm 2.jpg":"a6d10bf4c47d4fdc0aa4b65b40118df14e1cd79d4d9638d19abe6e228bed3efb","/products/Sony 90mm gm 1.jpg":"2577b4a75aadb28f045f792dab6afac3f7006c16c8f428fe93d9bf166a8d4449","/products/Sony  50mm f_1.8 2.jpg":"760cc09cc2764c2ddac830e769cf9d41d750dcace7d93ed6dd873ddbd8a7b6cd","/products/Sony  50mm f_1.8 1.jpg":"28d7177f871bd6e6bdcd61f857421889e934eba3c3e4f10a1cd131e720bb7c59","/products/Sony  35mm f_1.8 3.jpg":"10396b8aaf339efc6577d6f3bfd8092ff25827a94cf6840daaefc8a38997259c","/products/Sony  35mm f_1.8 2.jpg":"c635c1d4a0d980f16107fa938fe1de23c5741dc11ea2425459c2377d5069d77c","/products/Sony  35mm f_1.8 1.jpg":"d939daf3c783e3439c6c63cb41cde4dbc2efa35080c84837690e8be469d77c3c","/products/Sony  24-70mm f_2.8 G 3.jpg":"9028ea2a44ad894f13a16efccf293be1c5b7cac957897dca36affc360e5ae33f","/products/Sony  24-70mm f_2.8 G 2.jpg":"88db03674bef871e17c3fe5183c53058d55caf48c906749a23b48596114a4bc8","/products/Sony  24-70mm f_2.8 G 1.jpg":"98a1c1422045917886c116b1236eb15a542d2191b2d950d35f73e698f50f0a33","/products/Sigma 85mm 1.4 3.jpg":"a4e81c138a7c8e11a4b13119c16c98f1f2100837c47877a77e22dea56105bc76","/products/Sigma 85mm 1.4 2.jpg":"2a066b10c865dd8f1972982eed7e8c47a5a636daea3f516433578fac26b143d7","/products/Sigma 85mm 1.4 1.jpg":"a879aeca3103babe5f54635f40791d5d5ad28f424e5e69b2063b655e2a15b2d5","/products/RS 5.jpg":"0f919859d74bed3a302903a181564654531f1dae73dfbe9dcbd3c431a8919586","/products/Hollyland Lark M2 Wireless Microphone 2.jpg":"1d4dd5543ec54b5f4f6395793f85da44e00c65d88864835b97609e6f45240e71","/products/Hollyland Lark M2 Wireless Microphone 1.jpg":"8bd4c1b1fb61f487b03c0611fded69080f9c61f80b5c1e8d1d2c45687f7bcead","/products/Godox QR-P90T 35.4_ Quick Release Parabolic Softbox 4.jpg":"78bf6a37e43851438a55e3a66bc000030c7a1c9d1c265c40d9337bdc79112486","/products/Godox QR-P90T 35.4_ Quick Release Parabolic Softbox 3.jpg":"a2bf7ffb9daca1ad8316a13ac8804d3b3b13662ee4770791453fc111c28260b6","/products/Godox QR-P90T 35.4_ Quick Release Parabolic Softbox 2.jpg":"e1c30048fa449755b030c9024e36ec9f11d1224d35803c0053502e9f490af062","/products/Godox QR-P90T 35.4_ Quick Release Parabolic Softbox 1.jpg":"80a4c69f2dd7f34d6095c5c581b9c19197e80da87cf172a43ca7fd7dcd1011e6","/products/Godox QR-P120T 3.jpg":"c4c896c70060195387f68c80438286c6944e0e4732ac0ee628135e35da5b2ae4","/products/Godox QR-P120T 2.jpg":"78bf6a37e43851438a55e3a66bc000030c7a1c9d1c265c40d9337bdc79112486","/products/Godox QR-P120T 1.jpg":"54743dfc7194b75a22c76f811f6876e9be76c25bd887b74fe1be5112ba18a661","/products/Godox Litemons  LA300R RGB LED 2.jpg":"cd4540881d3292ecf5d91868a33c7c39d81179568d81e0269a0fc8953681d5be","/products/Godox Litemons  LA300R RGB LED 1.jpg":"69d1a6a4237acfac7cd3947fc2990357a4c5efc21c15939db8be3c2d55f0f7ec","/products/Godox Litemons  LA300R Bi  LED 1.jpg":"ae8cd0818e20ee192e04f0d3e16b0c8b005910bd2dcc5ec7ee58cbb16b2dcee3","/products/Godox CS-85D Lantern Softbox 2.jpg":"2ffcffd32f2d109d49303ff37d3fe0a4a9ccd00bc14a7c3ef79e7f8025a873be","/products/Godox CS-85D Lantern Softbox 1.jpg":"fe716ee4df19ef25d1b6e5ca0e045c96014d7e586380903fbf80976655777455","/products/Godox AD300 Pro 3.jpg":"7d9cd67ddcb46f3933d2f78139d5eda437bc52f22c4b96207116fe1f37cec824","/products/Godox AD300 Pro 2.jpg":"222d98647c9ddf89225c18b086dfb84c338c0252a2aa0fbb9fa1d0b97f80aac1","/products/Godox AD 600 Pro 2.jpg":"1ec0d3c906758cedd7f5c91f60840262b43f99818a7d137df5bc3b141fb645c6","/products/Godox AD 600 Pro 1.jpg":"20cb762df95f24b7658dfe701a4aa3f246cd2c834b6d6038a3fc681b1145c56c","/products/Godox AD 300 Pro.jpg":"5962f204d2354cc6f9d8506bc90b420ed7c1325af8cdd0c8ab9a65bea3bfb4be","/products/Godox AD 300 Pro 1.jpg":"864dba709bf966679ed75fb5d856e88f3498383618384c4d7feb3c533ed4f9e8","/products/Godox  LC500R RGB LED Light Stick 3.jpg":"6e75299125a8e1773cd7364a36011ba8cef32eb665bd12e6b043c445bed92a2e","/products/Godox  LC500R RGB LED Light Stick 2.jpg":"0a32bf8a1bd570f7336832348b2ced435605fe7fdcde08d37ecccd153c72ddb4","/products/Godox  LC500R RGB LED Light Stick 1.jpg":"17aa95aae771d59ae273f704650ef8061bb8bc46d38ce1d9fac862e99882a27e","/products/Godox  LC1000R RGB LED Light1 Stick.jpg":"2155ca1707aeb389ce02f99976d24de95aa2d28cc34e06e21f1f0a2bb1cd0f06","/products/Godox  LC1000R RGB LED Light Stick.jpg":"2bf8358b62d8b8c7bfd7468b6e03ef8041228140fa800317d8ffa2b0ec93a6e9","/products/Godox  LC1000R RGB LED Light Stick 4.jpg":"94b9ca475e12c390de1eac0a8c90c53078981b2164d696ce629bf7ff04e4ad5c","/products/Godox  LC1000R RGB LED Light Stick 3.jpg":"da7a7567ab70fa56ede397dc39a47a1f00e45da46ae0768cf6b12685841fb1ff","/products/DJI Mic Mini 2 2.jpg":"38e04a060d38b7d36028c454e529d14911ab23af8323cacb51a1d90332adfcf7","/products/DJI Mic Mini 2 1.jpg":"8adbce6a2b69fe84e02f5773563d31581c31cbad76c89f6e210c34f5c9e2ad4e","/products/Digitek (DRB 5-1) Camera Reflector 45-inch 1.jpg":"95a2f59fc87305dcdb3fb5af0d69f46cb5e97a29bf636e6b29bbfe3bc52b495d","/products/canon 80d 2.jpg":"47dfe6ef14455987c1b8c6a2b88acccc1a425aef1e0c334eae08dcf7b426d5c2","/products/Canon 80d 1.jpg":"258c714ee67e92208fb05cda363c09cf0388912c201bc883d195cfe41a10a4ca","/index.html":"bc81e14d22ad809853f4050703c4a427384fec05f50d5e62ac15fdc3699ba4bc","/polyfills-5CFQRCPP.js":"01200fec31742276cd52f441fe1fc84938c53abceeedd3f35725033f5e782591","/styles-LIF3QNBF.css":"4b76e5b51342c58dc2518e155b7f414d95f099625862ed528685fd4bf8fd9ad3","/products/Lexar Professional 320GB CFexpress Type A Gold Series Memory Card,.jpg":"59a7c6938079e1299f894367bb86384131cee8c67d02635a68ff73b87d6c3964","/products/Lexar Profes 1800x SDXC UHS-II U3 V60, 128GB 2.jpg":"c1d5a3bda913397abe740d3b3d0a0cadbbe534b2eba9c9201a34ff808d137b53","/products/Lexar Profes 1800x SDXC UHS-II U3 V60, 128GB 1.jpg":"a68be3aadd4930246a29815aa74f33983d919ed9b035f20809a1ad2e5768b83b","/products/Lexar Professional 320GB CFexpress Type A Gold Series Memory Card, 2.jpg":"caa163a966a1e3fb6ea037d35261b71e104915eb19d80842e5238670dea21601","/main-COZSNFGB.js":"7e7976bfa7f5292bf5bbcb74da43c2b12590c3730f219d35c506eec045a44996"}}
[debug] [2026-08-08T07:06:37.141Z] <<< [apiv2][status] POST https://firebasehosting.googleapis.com/v1beta1/projects/872586002606/sites/click-kaar/versions/08d81efe244c46b0:populateFiles 200
[debug] [2026-08-08T07:06:37.142Z] <<< [apiv2][body] POST https://firebasehosting.googleapis.com/v1beta1/projects/872586002606/sites/click-kaar/versions/08d81efe244c46b0:populateFiles {"uploadRequiredHashes":["7e7976bfa7f5292bf5bbcb74da43c2b12590c3730f219d35c506eec045a44996","bc81e14d22ad809853f4050703c4a427384fec05f50d5e62ac15fdc3699ba4bc"],"uploadUrl":"https://upload-firebasehosting.googleapis.com/upload/sites/click-kaar/versions/08d81efe244c46b0/files"}
[debug] [2026-08-08T07:06:37.142Z] Checked if tokens are valid: true, expires at: 1786175936140
[debug] [2026-08-08T07:06:37.143Z] Checked if tokens are valid: true, expires at: 1786175936140
[debug] [2026-08-08T07:06:37.143Z] Checked if tokens are valid: true, expires at: 1786175936140
[debug] [2026-08-08T07:06:37.143Z] Checked if tokens are valid: true, expires at: 1786175936140
[debug] [2026-08-08T07:06:37.144Z] >>> [apiv2][query] POST https://upload-firebasehosting.googleapis.com/upload/sites/click-kaar/versions/08d81efe244c46b0/files/7e7976bfa7f5292bf5bbcb74da43c2b12590c3730f219d35c506eec045a44996 [none]
[debug] [2026-08-08T07:06:37.144Z] >>> [apiv2][body] POST https://upload-firebasehosting.googleapis.com/upload/sites/click-kaar/versions/08d81efe244c46b0/files/7e7976bfa7f5292bf5bbcb74da43c2b12590c3730f219d35c506eec045a44996 [stream]
[debug] [2026-08-08T07:06:37.146Z] >>> [apiv2][query] POST https://upload-firebasehosting.googleapis.com/upload/sites/click-kaar/versions/08d81efe244c46b0/files/bc81e14d22ad809853f4050703c4a427384fec05f50d5e62ac15fdc3699ba4bc [none]
[debug] [2026-08-08T07:06:37.146Z] >>> [apiv2][body] POST https://upload-firebasehosting.googleapis.com/upload/sites/click-kaar/versions/08d81efe244c46b0/files/bc81e14d22ad809853f4050703c4a427384fec05f50d5e62ac15fdc3699ba4bc [stream]
[debug] [2026-08-08T07:06:37.151Z] [hosting][populate queue][FINAL] {"max":800,"min":800,"avg":800,"active":0,"complete":1,"success":1,"errored":0,"retried":0,"total":1,"elapsed":807}
[debug] [2026-08-08T07:06:37.151Z] [hosting] uploads queued: 2
[info] i  hosting: uploading new files [0/2] (0%) 
[debug] [2026-08-08T07:06:38.843Z] <<< [apiv2][status] POST https://upload-firebasehosting.googleapis.com/upload/sites/click-kaar/versions/08d81efe244c46b0/files/bc81e14d22ad809853f4050703c4a427384fec05f50d5e62ac15fdc3699ba4bc 200
[debug] [2026-08-08T07:06:38.844Z] <<< [apiv2][body] POST https://upload-firebasehosting.googleapis.com/upload/sites/click-kaar/versions/08d81efe244c46b0/files/bc81e14d22ad809853f4050703c4a427384fec05f50d5e62ac15fdc3699ba4bc [stream]
[debug] [2026-08-08T07:06:38.976Z] <<< [apiv2][status] POST https://upload-firebasehosting.googleapis.com/upload/sites/click-kaar/versions/08d81efe244c46b0/files/7e7976bfa7f5292bf5bbcb74da43c2b12590c3730f219d35c506eec045a44996 200
[debug] [2026-08-08T07:06:38.976Z] <<< [apiv2][body] POST https://upload-firebasehosting.googleapis.com/upload/sites/click-kaar/versions/08d81efe244c46b0/files/7e7976bfa7f5292bf5bbcb74da43c2b12590c3730f219d35c506eec045a44996 [stream]
[debug] [2026-08-08T07:06:38.976Z] [hosting][upload queue][FINAL] {"max":1834,"min":1701,"avg":1767.5,"active":0,"complete":2,"success":2,"errored":0,"retried":0,"total":2,"elapsed":1834}
[info] i  hosting: upload complete 
[info] +  hosting[click-kaar]: file upload complete 
[debug] [2026-08-08T07:06:38.976Z] [hosting] deploy completed after 2721ms
[debug] [2026-08-08T07:06:38.977Z] [
  {
    "config": {
      "public": "dist/clickkaar/browser",
      "ignore": [
        "firebase.json",
        "**/.*",
        "**/node_modules/**"
      ],
      "rewrites": [
        {
          "source": "**",
          "destination": "/index.html"
        }
      ],
      "cleanUrls": true,
      "trailingSlash": false,
      "site": "click-kaar"
    },
    "version": "projects/872586002606/sites/click-kaar/versions/08d81efe244c46b0"
  }
]
[info] i  hosting[click-kaar]: finalizing version... 
[debug] [2026-08-08T07:06:38.979Z] Checked if tokens are valid: true, expires at: 1786175936140
[debug] [2026-08-08T07:06:38.979Z] Checked if tokens are valid: true, expires at: 1786175936140
[debug] [2026-08-08T07:06:38.980Z] >>> [apiv2][query] PATCH https://firebasehosting.googleapis.com/v1beta1/projects/-/sites/click-kaar/versions/08d81efe244c46b0 updateMask=status%2Cconfig
[debug] [2026-08-08T07:06:38.980Z] >>> [apiv2][body] PATCH https://firebasehosting.googleapis.com/v1beta1/projects/-/sites/click-kaar/versions/08d81efe244c46b0 {"status":"FINALIZED","config":{"rewrites":[{"glob":"**","path":"/index.html"}],"cleanUrls":true,"trailingSlashBehavior":"REMOVE"}}
[debug] [2026-08-08T07:06:39.771Z] <<< [apiv2][status] PATCH https://firebasehosting.googleapis.com/v1beta1/projects/-/sites/click-kaar/versions/08d81efe244c46b0 200
[debug] [2026-08-08T07:06:39.772Z] <<< [apiv2][body] PATCH https://firebasehosting.googleapis.com/v1beta1/projects/-/sites/click-kaar/versions/08d81efe244c46b0 {"name":"projects/872586002606/sites/click-kaar/versions/08d81efe244c46b0","status":"FINALIZED","config":{"rewrites":[{"glob":"**","path":"/index.html"}],"cleanUrls":true,"trailingSlashBehavior":"REMOVE"},"labels":{"deployment-tool":"cli-firebase"},"createTime":"2026-08-08T07:06:35.192861Z","createUser":{"email":"clickkaar@gmail.com"},"finalizeTime":"2026-08-08T07:06:39.201301Z","finalizeUser":{"email":"clickkaar@gmail.com"}}
[debug] [2026-08-08T07:06:39.772Z] [hosting] finalized version for click-kaar:[object Object]
[info] +  hosting[click-kaar]: version finalized 
[info] i  hosting[click-kaar]: releasing new version... 
[debug] [2026-08-08T07:06:39.773Z] Checked if tokens are valid: true, expires at: 1786175936140
[debug] [2026-08-08T07:06:39.773Z] Checked if tokens are valid: true, expires at: 1786175936140
[debug] [2026-08-08T07:06:39.774Z] >>> [apiv2][query] POST https://firebasehosting.googleapis.com/v1beta1/projects/-/sites/click-kaar/channels/live/releases versionName=projects%2F872586002606%2Fsites%2Fclick-kaar%2Fversions%2F08d81efe244c46b0
[debug] [2026-08-08T07:06:39.774Z] >>> [apiv2][body] POST https://firebasehosting.googleapis.com/v1beta1/projects/-/sites/click-kaar/channels/live/releases {}
[debug] [2026-08-08T07:06:40.887Z] <<< [apiv2][status] POST https://firebasehosting.googleapis.com/v1beta1/projects/-/sites/click-kaar/channels/live/releases 200
[debug] [2026-08-08T07:06:40.888Z] <<< [apiv2][body] POST https://firebasehosting.googleapis.com/v1beta1/projects/-/sites/click-kaar/channels/live/releases {"name":"projects/872586002606/sites/click-kaar/channels/live/releases/1786172799651000","version":{"name":"projects/872586002606/sites/click-kaar/versions/08d81efe244c46b0","status":"FINALIZED","config":{"rewrites":[{"glob":"**","path":"/index.html"}],"cleanUrls":true,"trailingSlashBehavior":"REMOVE"},"labels":{"deployment-tool":"cli-firebase"},"createTime":"2026-08-08T07:06:35.192861Z","createUser":{"email":"clickkaar@gmail.com","imageUrl":"https://lh3.googleusercontent.com/a/ACg8ocKpCaEzDkPTdiCjFMzaSxIm8SA_8cuoEJbPnvUIsyh63FlCgVo"},"finalizeTime":"2026-08-08T07:06:39.201301Z","finalizeUser":{"email":"clickkaar@gmail.com","imageUrl":"https://lh3.googleusercontent.com/a/ACg8ocKpCaEzDkPTdiCjFMzaSxIm8SA_8cuoEJbPnvUIsyh63FlCgVo"}},"type":"DEPLOY","releaseTime":"2026-08-08T07:06:39.651Z","releaseUser":{"email":"clickkaar@gmail.com","imageUrl":"https://lh3.googleusercontent.com/a/ACg8ocKpCaEzDkPTdiCjFMzaSxIm8SA_8cuoEJbPnvUIsyh63FlCgVo"}}
[debug] [2026-08-08T07:06:40.888Z] [hosting] release: {"name":"projects/872586002606/sites/click-kaar/channels/live/releases/1786172799651000","version":{"name":"projects/872586002606/sites/click-kaar/versions/08d81efe244c46b0","status":"FINALIZED","config":{"rewrites":[{"glob":"**","path":"/index.html"}],"cleanUrls":true,"trailingSlashBehavior":"REMOVE"},"labels":{"deployment-tool":"cli-firebase"},"createTime":"2026-08-08T07:06:35.192861Z","createUser":{"email":"clickkaar@gmail.com","imageUrl":"https://lh3.googleusercontent.com/a/ACg8ocKpCaEzDkPTdiCjFMzaSxIm8SA_8cuoEJbPnvUIsyh63FlCgVo"},"finalizeTime":"2026-08-08T07:06:39.201301Z","finalizeUser":{"email":"clickkaar@gmail.com","imageUrl":"https://lh3.googleusercontent.com/a/ACg8ocKpCaEzDkPTdiCjFMzaSxIm8SA_8cuoEJbPnvUIsyh63FlCgVo"}},"type":"DEPLOY","releaseTime":"2026-08-08T07:06:39.651Z","releaseUser":{"email":"clickkaar@gmail.com","imageUrl":"https://lh3.googleusercontent.com/a/ACg8ocKpCaEzDkPTdiCjFMzaSxIm8SA_8cuoEJbPnvUIsyh63FlCgVo"}}
[info] +  hosting[click-kaar]: release complete 
[info] 
[info] +  Deploy complete! 
[info] 
[info] Project Console: https://console.firebase.google.com/project/click-kaar/overview
[info] Hosting URL: https://click-kaar.web.app
